test_assurance_cli_global_budget_exit_two_retains_both_finished_cycles (test_assessment_cli.AssessmentCliTests.test_assurance_cli_global_budget_exit_two_retains_both_finished_cycles) ... ok
test_assurance_cli_violation_exit_one_retains_first_cycle_and_stops (test_assessment_cli.AssessmentCliTests.test_assurance_cli_violation_exit_one_retains_first_cycle_and_stops) ... ok
test_duplicate_and_overflow_json_refused (test_assessment_cli.AssessmentCliTests.test_duplicate_and_overflow_json_refused) ... ok
test_existing_destination_refuses_run_before_dispatch (test_assessment_cli.AssessmentCliTests.test_existing_destination_refuses_run_before_dispatch) ... ok
test_plan_is_offline_and_bad_approval_sends_nothing (test_assessment_cli.AssessmentCliTests.test_plan_is_offline_and_bad_approval_sends_nothing) ... ok
test_real_run_reduce_inspect_retest_and_report_preserve_baseline (test_assessment_cli.AssessmentCliTests.test_real_run_reduce_inspect_retest_and_report_preserve_baseline) ... ok
test_two_cycle_assurance_cli_history_snapshot_and_render_are_source_bound (test_assessment_cli.AssessmentCliTests.test_two_cycle_assurance_cli_history_snapshot_and_render_are_source_bound) ... ok
test_unknown_impact_keeps_full_scope_and_reasons (test_assessment_cli.AssessmentCliTests.test_unknown_impact_keeps_full_scope_and_reasons) ... ok
test_50_findings_long_titles_unicode_and_urls_render_completely (test_assessment_reports.AssessmentReportTests.test_50_findings_long_titles_unicode_and_urls_render_completely) ... ok
test_absent_assurance_preserves_existing_snapshot_bytes (test_assessment_reports.AssessmentReportTests.test_absent_assurance_preserves_existing_snapshot_bytes) ... ok
test_annotated_standards_require_same_finding_evidence (test_assessment_reports.AssessmentReportTests.test_annotated_standards_require_same_finding_evidence) ... ok
test_bundle_binds_originals_and_semantic_snapshot (test_assessment_reports.AssessmentReportTests.test_bundle_binds_originals_and_semantic_snapshot) ... ok
test_cvss_full_grammar_and_fixed_order (test_assessment_reports.AssessmentReportTests.test_cvss_full_grammar_and_fixed_order) ... ok
test_explicit_comparison_selects_current_independent_of_argument_order (test_assessment_reports.AssessmentReportTests.test_explicit_comparison_selects_current_independent_of_argument_order) ... ok
test_failed_controls_cannot_erase_open_finding_and_argument_order_is_not_time (test_assessment_reports.AssessmentReportTests.test_failed_controls_cannot_erase_open_finding_and_argument_order_is_not_time) ... ok
test_forged_rehashed_fix_comparison_and_missing_execution_rejected (test_assessment_reports.AssessmentReportTests.test_forged_rehashed_fix_comparison_and_missing_execution_rejected) ... ok
test_freeze_and_export_are_offline_and_no_overwrite (test_assessment_reports.AssessmentReportTests.test_freeze_and_export_are_offline_and_no_overwrite) ... ok
test_html_escapes_every_user_string_and_has_no_external_assets (test_assessment_reports.AssessmentReportTests.test_html_escapes_every_user_string_and_has_no_external_assets) ... ok
test_invalid_empty_collection_types_rejected (test_assessment_reports.AssessmentReportTests.test_invalid_empty_collection_types_rejected) ... ok
test_invalid_execution_or_foreign_observation_never_freezes (test_assessment_reports.AssessmentReportTests.test_invalid_execution_or_foreign_observation_never_freezes) ... ok
test_malformed_snapshots_return_errors (test_assessment_reports.AssessmentReportTests.test_malformed_snapshots_return_errors) ... ok
test_manifest_self_reference_and_circular_snapshot_are_rejected (test_assessment_reports.AssessmentReportTests.test_manifest_self_reference_and_circular_snapshot_are_rejected) ... ok
test_missing_unicode_glyph_is_explicit_export_failure (test_assessment_reports.AssessmentReportTests.test_missing_unicode_glyph_is_explicit_export_failure) ... ok
test_pdf_is_deterministic_and_unicode_is_preserved (test_assessment_reports.AssessmentReportTests.test_pdf_is_deterministic_and_unicode_is_preserved) ... ok
test_reduction_trace_is_verified_and_bound_to_original (test_assessment_reports.AssessmentReportTests.test_reduction_trace_is_verified_and_bound_to_original) ... ok
test_resigned_inconsistent_pdf_is_semantically_rejected (test_assessment_reports.AssessmentReportTests.test_resigned_inconsistent_pdf_is_semantically_rejected) ... ok
test_retest_omissions_keep_not_retested (test_assessment_reports.AssessmentReportTests.test_retest_omissions_keep_not_retested) ... ok
test_snapshot_and_renderers_share_status_id_and_evidence (test_assessment_reports.AssessmentReportTests.test_snapshot_and_renderers_share_status_id_and_evidence) ... ok
test_snapshot_is_detached_and_original_roots_unchanged (test_assessment_reports.AssessmentReportTests.test_snapshot_is_detached_and_original_roots_unchanged) ... ok
test_snapshot_reconstruction_and_nonoverridable_statuses (test_assessment_reports.AssessmentReportTests.test_snapshot_reconstruction_and_nonoverridable_statuses) ... ok
test_three_partial_asvs_mappings_never_claim_global_compliance (test_assessment_reports.AssessmentReportTests.test_three_partial_asvs_mappings_never_claim_global_compliance) ... ok
test_two_cycle_assurance_snapshot_and_signed_proof_bind_history_and_budget (test_assessment_reports.AssessmentReportTests.test_two_cycle_assurance_snapshot_and_signed_proof_bind_history_and_budget) ... ok
test_unreviewed_or_unknown_standard_and_score_are_rejected (test_assessment_reports.AssessmentReportTests.test_unreviewed_or_unknown_standard_and_score_are_rejected) ... ok
test_visual_attachment_requires_snapshot (test_assessment_reports.AssessmentReportTests.test_visual_attachment_requires_snapshot) ... ok
test_workflow_only_snapshot_and_proof_preserve_materialized_reports (test_assessment_reports.AssessmentReportTests.test_workflow_only_snapshot_and_proof_preserve_materialized_reports) ... ok
test_impact_catalog_matches_full_run_for_each_declared_change_kind (test_assessments.AssessmentTests.test_impact_catalog_matches_full_run_for_each_declared_change_kind) ... ok
test_inspector_graph_reconstructs_exact_provenance (test_assessments.AssessmentTests.test_inspector_graph_reconstructs_exact_provenance) ... ok
test_known_case_change_closes_controls_and_dependents (test_assessments.AssessmentTests.test_known_case_change_closes_controls_and_dependents) ... ok
test_no_change_has_no_requests (test_assessments.AssessmentTests.test_no_change_has_no_requests) ... ok
test_repeated_import_keeps_one_finding_with_two_evidence_versions (test_assessments.AssessmentTests.test_repeated_import_keeps_one_finding_with_two_evidence_versions) ... ok
test_revision_compare_swap_and_copy_isolation (test_assessments.AssessmentTests.test_revision_compare_swap_and_copy_isolation) ... ok
test_same_change_same_reasoned_plan (test_assessments.AssessmentTests.test_same_change_same_reasoned_plan) ... ok
test_unknown_change_requires_full_scope (test_assessments.AssessmentTests.test_unknown_change_requires_full_scope) ... ok
test_corrupt_history_blocks_application_and_remote_policy_traffic (test_assurance.AssuranceTests.test_corrupt_history_blocks_application_and_remote_policy_traffic) ... ok
test_failed_positive_control_stops_and_blocks_negative_request (test_assurance.AssuranceTests.test_failed_positive_control_stops_and_blocks_negative_request) ... ok
test_fresh_credentials_resolved_on_every_iteration (test_assurance.AssuranceTests.test_fresh_credentials_resolved_on_every_iteration) ... ok
test_invalid_bounds_budget_and_pre_cancelled_watch_send_no_requests (test_assurance.AssuranceTests.test_invalid_bounds_budget_and_pre_cancelled_watch_send_no_requests) ... ok
test_missing_application_credentials_block_remote_policy_too (test_assurance.AssuranceTests.test_missing_application_credentials_block_remote_policy_too) ... ok
test_mutations_require_explicit_permission_even_in_retest_plan (test_assurance.AssuranceTests.test_mutations_require_explicit_permission_even_in_retest_plan) ... ok
test_policy_intent_disagreement_stops_even_when_application_passes (test_assurance.AssuranceTests.test_policy_intent_disagreement_stops_even_when_application_passes) ... ok
test_retest_closure_is_complete_and_readonly (test_assurance.AssuranceTests.test_retest_closure_is_complete_and_readonly) ... ok
test_run_once_retains_three_layer_sources_and_detects_regression (test_assurance.AssuranceTests.test_run_once_retains_three_layer_sources_and_detects_regression) ... ok
test_stale_history_blocks_all_next_requests (test_assurance.AssuranceTests.test_stale_history_blocks_all_next_requests) ... ok
test_status_only_login_control_cannot_establish_denial_assurance (test_assurance.AssuranceTests.test_status_only_login_control_cannot_establish_denial_assurance) ... ok
test_unanchored_negatives_do_not_establish_assurance (test_assurance.AssuranceTests.test_unanchored_negatives_do_not_establish_assurance) ... ok
test_watch_caps_total_app_and_opa_requests_without_hidden_evaluations (test_assurance.AssuranceTests.test_watch_caps_total_app_and_opa_requests_without_hidden_evaluations) ... ok
test_bad_json_returns_configuration_error (test_cli.EndToEndTests.test_bad_json_returns_configuration_error) ... ok
test_demo_and_cli_integrity_gate (test_cli.EndToEndTests.test_demo_and_cli_integrity_gate) ... ok
test_init_requires_both_actors_controls_and_preserves_existing_file (test_cli.EndToEndTests.test_init_requires_both_actors_controls_and_preserves_existing_file) ... ok
test_complete_cli_graph_proof_and_retest_workflow (test_cli_v1.IntelligenceCliTests.test_complete_cli_graph_proof_and_retest_workflow) ... ok
test_invalid_graph_and_missing_history_are_configuration_errors (test_cli_v1.IntelligenceCliTests.test_invalid_graph_and_missing_history_are_configuration_errors) ... ok
test_baseline_must_be_full_and_source_bound (test_comparison.ComparisonTests.test_baseline_must_be_full_and_source_bound) ... ok
test_case_transitions_distinguish_errors_and_assertions (test_comparison.ComparisonTests.test_case_transitions_distinguish_errors_and_assertions) ... ok
test_credential_policy_and_time_limits_are_explicit (test_comparison.ComparisonTests.test_credential_policy_and_time_limits_are_explicit) ... ok
test_current_must_match_exact_dependency_closed_selection (test_comparison.ComparisonTests.test_current_must_match_exact_dependency_closed_selection) ... ok
test_deterministic_selection_normalization (test_comparison.ComparisonTests.test_deterministic_selection_normalization) ... ok
test_duplicate_ids_and_unsealed_tool_change_rejected (test_comparison.ComparisonTests.test_duplicate_ids_and_unsealed_tool_change_rejected) ... ok
test_exact_context_changes_are_rejected (test_comparison.ComparisonTests.test_exact_context_changes_are_rejected) ... ok
test_explicit_110_profile_keeps_v1_semantics_and_original_roots (test_comparison.ComparisonTests.test_explicit_110_profile_keeps_v1_semantics_and_original_roots) ... ok
test_explicit_development_profile_compares_with_stable_without_resealing (test_comparison.ComparisonTests.test_explicit_development_profile_compares_with_stable_without_resealing) ... ok
test_failed_controls_never_resolve_skipped_case (test_comparison.ComparisonTests.test_failed_controls_never_resolve_skipped_case) ... ok
test_full_comparison_across_explicit_profiles_without_reseal (test_comparison.ComparisonTests.test_full_comparison_across_explicit_profiles_without_reseal) ... ok
test_malformed_verifier_inputs_fail_closed (test_comparison.ComparisonTests.test_malformed_verifier_inputs_fail_closed) ... ok
test_no_network_environment_file_or_policy_io (test_comparison.ComparisonTests.test_no_network_environment_file_or_policy_io) ... ok
test_partial_comparison_preserves_originals_and_marks_unselected (test_comparison.ComparisonTests.test_partial_comparison_preserves_originals_and_marks_unselected) ... ok
test_real_loopback_403_leak_to_scoped_check_recovery (test_comparison.ComparisonTests.test_real_loopback_403_leak_to_scoped_check_recovery) ... ok
test_rehashing_altered_embedded_sources_cannot_hide_missing_binding (test_comparison.ComparisonTests.test_rehashing_altered_embedded_sources_cannot_hide_missing_binding) ... ok
test_rehashing_derived_claims_cannot_forge_verification (test_comparison.ComparisonTests.test_rehashing_derived_claims_cannot_forge_verification) ... ok
test_report_forged_assertion_layout_and_semantics_rejected_even_if_resealed (test_comparison.ComparisonTests.test_report_forged_assertion_layout_and_semantics_rejected_even_if_resealed) ... ok
test_report_record_reorder_is_bound_and_joined_by_stable_id (test_comparison.ComparisonTests.test_report_record_reorder_is_bound_and_joined_by_stable_id) ... ok
test_status_only_and_unknown_controls_never_resolve (test_comparison.ComparisonTests.test_status_only_and_unknown_controls_never_resolve) ... ok
test_transitive_unproven_control_blocks_resolution (test_comparison.ComparisonTests.test_transitive_unproven_control_blocks_resolution) ... ok
test_unanchored_negative_is_inconclusive (test_comparison.ComparisonTests.test_unanchored_negative_is_inconclusive) ... ok
test_unknown_tool_profiles_and_metadata_are_rejected (test_comparison.ComparisonTests.test_unknown_tool_profiles_and_metadata_are_rejected) ... ok
test_cli_roundtrip_is_offline_and_preserves_original_sources (test_comparison_delivery.ComparisonDeliveryTests.test_cli_roundtrip_is_offline_and_preserves_original_sources) ... ok
test_existing_destination_is_never_modified (test_comparison_delivery.ComparisonDeliveryTests.test_existing_destination_is_never_modified) ... ok
test_exit_codes_distinguish_regressions_from_unassessed_comparisons (test_comparison_delivery.ComparisonDeliveryTests.test_exit_codes_distinguish_regressions_from_unassessed_comparisons) ... ok
test_html_escapes_untrusted_contract_text_and_retains_scope_limits (test_comparison_delivery.ComparisonDeliveryTests.test_html_escapes_untrusted_contract_text_and_retains_scope_limits) ... ok
test_readable_output_is_identical_after_sorted_json_roundtrip (test_comparison_delivery.ComparisonDeliveryTests.test_readable_output_is_identical_after_sorted_json_roundtrip) ... ok
test_reader_rejects_oversize_input_before_creating_output (test_comparison_delivery.ComparisonDeliveryTests.test_reader_rejects_oversize_input_before_creating_output) ... ok
test_rehashed_derived_claims_fail_cli_and_renderer_verification (test_comparison_delivery.ComparisonDeliveryTests.test_rehashed_derived_claims_fail_cli_and_renderer_verification) ... ok
test_strict_cli_inputs_reject_duplicate_keys_and_nonfinite_json (test_comparison_delivery.ComparisonDeliveryTests.test_strict_cli_inputs_reject_duplicate_keys_and_nonfinite_json) ... ok
test_authorized_rehashed_claims_remain_semantically_invalid (test_comparison_delivery.SignedComparisonDeliveryTests.test_authorized_rehashed_claims_remain_semantically_invalid) ... ok
test_authorized_resigning_cannot_make_false_html_semantically_valid (test_comparison_delivery.SignedComparisonDeliveryTests.test_authorized_resigning_cannot_make_false_html_semantically_valid) ... ok
test_cli_bundle_binds_json_html_and_exact_current_report (test_comparison_delivery.SignedComparisonDeliveryTests.test_cli_bundle_binds_json_html_and_exact_current_report) ... ok
test_different_valid_report_cannot_borrow_comparison_claims (test_comparison_delivery.SignedComparisonDeliveryTests.test_different_valid_report_cannot_borrow_comparison_claims) ... ok
test_html_without_retained_json_and_rehashed_claims_cannot_be_signed (test_comparison_delivery.SignedComparisonDeliveryTests.test_html_without_retained_json_and_rehashed_claims_cannot_be_signed) ... ok
test_unauthenticated_attachment_tampering_fails_both_verifiers (test_comparison_delivery.SignedComparisonDeliveryTests.test_unauthenticated_attachment_tampering_fails_both_verifiers) ... ok
test_env_resolution_and_resolve_many_are_explicit_and_offline (test_credentials.CredentialTests.test_env_resolution_and_resolve_many_are_explicit_and_offline) ... ok
test_header_injection_and_secret_errors_are_sanitized (test_credentials.CredentialTests.test_header_injection_and_secret_errors_are_sanitized) ... ok
test_rotation_uses_random_generation_and_old_generation_is_rejected (test_credentials.CredentialTests.test_rotation_uses_random_generation_and_old_generation_is_rejected) ... ok
test_session_binding_resolves_without_environment_and_preserves_source (test_credentials.CredentialTests.test_session_binding_resolves_without_environment_and_preserves_source) ... ok
test_session_scope_rejects_another_identity_or_origin (test_credentials.CredentialTests.test_session_scope_rejects_another_identity_or_origin) ... ok
test_address_candidates_share_one_deadline (test_engine.AddressCandidateDeadlineTests.test_address_candidates_share_one_deadline) ... ok
test_ambient_proxy_is_ignored (test_engine.EngineTests.test_ambient_proxy_is_ignored) ... ok
test_compressed_and_truncated_responses_are_errors (test_engine.EngineTests.test_compressed_and_truncated_responses_are_errors) ... ok
test_concurrency_never_exceeds_limit (test_engine.EngineTests.test_concurrency_never_exceeds_limit) ... ok
test_failed_control_blocks_transitive_requests_and_preserves_order (test_engine.EngineTests.test_failed_control_blocks_transitive_requests_and_preserves_order) ... ok
test_invalid_credential_prevents_all_requests (test_engine.EngineTests.test_invalid_credential_prevents_all_requests) ... ok
test_invalid_json_never_satisfies_absence_checks (test_engine.EngineTests.test_invalid_json_never_satisfies_absence_checks) ... ok
test_json_body_for_explicitly_authorized_mutation (test_engine.EngineTests.test_json_body_for_explicitly_authorized_mutation) ... ok
test_json_pointer_escapes_array_and_boolean_type (test_engine.EngineTests.test_json_pointer_escapes_array_and_boolean_type) ... ok
test_missing_any_credential_prevents_all_requests (test_engine.EngineTests.test_missing_any_credential_prevents_all_requests) ... ok
test_redirect_not_followed_even_when_redirect_is_expected (test_engine.EngineTests.test_redirect_not_followed_even_when_redirect_is_expected) ... ok
test_response_size_exact_boundary_and_overflow (test_engine.EngineTests.test_response_size_exact_boundary_and_overflow) ... ok
test_success_denial_evidence_and_secret_redaction (test_engine.EngineTests.test_success_denial_evidence_and_secret_redaction) ... ok
test_timeout_is_sanitized (test_engine.EngineTests.test_timeout_is_sanitized) ... ok
test_total_deadline_interrupts_trickling_headers (test_engine.EngineTests.test_total_deadline_interrupts_trickling_headers) ... ok
test_added_removed_and_renamed_ids_contradict_same_contract (test_evidence.ComparisonTests.test_added_removed_and_renamed_ids_contradict_same_contract) ... ok
test_all_meaningful_transitions (test_evidence.ComparisonTests.test_all_meaningful_transitions) ... ok
test_each_input_must_verify_before_comparison (test_evidence.ComparisonTests.test_each_input_must_verify_before_comparison) ... ok
test_resealed_changed_case_structure_is_refused (test_evidence.ComparisonTests.test_resealed_changed_case_structure_is_refused) ... ok
test_resealed_contradictory_report_metadata_is_refused (test_evidence.ComparisonTests.test_resealed_contradictory_report_metadata_is_refused) ... ok
test_same_contract_is_required (test_evidence.ComparisonTests.test_same_contract_is_required) ... ok
test_stable_ids_ignore_case_order (test_evidence.ComparisonTests.test_stable_ids_ignore_case_order) ... ok
test_algorithm_root_and_evidence_shape_are_checked (test_evidence.EvidenceTests.test_algorithm_root_and_evidence_shape_are_checked) ... ok
test_assessed_outcomes_require_an_http_status (test_evidence.EvidenceTests.test_assessed_outcomes_require_an_http_status) ... ok
test_canonical_mapping_order_does_not_change_root (test_evidence.EvidenceTests.test_canonical_mapping_order_does_not_change_root) ... ok
test_case_removal_with_adjusted_summary_is_detected (test_evidence.EvidenceTests.test_case_removal_with_adjusted_summary_is_detected) ... ok
test_empty_report_still_binds_metadata (test_evidence.EvidenceTests.test_empty_report_still_binds_metadata) ... ok
test_evidence_order_is_bound (test_evidence.EvidenceTests.test_evidence_order_is_bound) ... ok
test_falsified_outcome_and_consistent_summary_still_fail (test_evidence.EvidenceTests.test_falsified_outcome_and_consistent_summary_still_fail) ... ok
test_metadata_fields_and_unknown_metadata_are_bound (test_evidence.EvidenceTests.test_metadata_fields_and_unknown_metadata_are_bound) ... ok
test_missing_evidence_and_malformed_top_level_fail_cleanly (test_evidence.EvidenceTests.test_missing_evidence_and_malformed_top_level_fail_cleanly) ... ok
test_non_finite_numbers_and_duplicate_ids_are_rejected (test_evidence.EvidenceTests.test_non_finite_numbers_and_duplicate_ids_are_rejected) ... ok
test_outcome_assertion_invariants_cannot_be_resealed (test_evidence.EvidenceTests.test_outcome_assertion_invariants_cannot_be_resealed) ... ok
test_removing_result_and_corresponding_chain_record_is_detected (test_evidence.EvidenceTests.test_removing_result_and_corresponding_chain_record_is_detected) ... ok
test_resealing_is_possible_and_changes_external_anchor (test_evidence.EvidenceTests.test_resealing_is_possible_and_changes_external_anchor) ... ok
test_result_fields_cannot_be_changed_under_existing_seal (test_evidence.EvidenceTests.test_result_fields_cannot_be_changed_under_existing_seal) ... ok
test_result_order_is_bound (test_evidence.EvidenceTests.test_result_order_is_bound) ... ok
test_roundtrip_and_no_input_mutation (test_evidence.EvidenceTests.test_roundtrip_and_no_input_mutation) ... ok
test_summary_must_match_actual_results (test_evidence.EvidenceTests.test_summary_must_match_actual_results) ... ok
test_blocked_request_cannot_claim_network_execution_metadata (test_evidence_dependencies.DependencyEvidenceTests.test_blocked_request_cannot_claim_network_execution_metadata) ... ok
test_cli_malformed_evidence_and_anchor_returns_controlled_failure (test_evidence_dependencies.DependencyEvidenceTests.test_cli_malformed_evidence_and_anchor_returns_controlled_failure) ... ok
test_duplicate_and_undefined_references_are_rejected (test_evidence_dependencies.DependencyEvidenceTests.test_duplicate_and_undefined_references_are_rejected) ... ok
test_legacy_reports_without_prerequisite_fields_remain_valid (test_evidence_dependencies.DependencyEvidenceTests.test_legacy_reports_without_prerequisite_fields_remain_valid) ... ok
test_long_dependency_chain_is_checked_without_recursion (test_evidence_dependencies.DependencyEvidenceTests.test_long_dependency_chain_is_checked_without_recursion) ... ok
test_passed_controls_allow_conclusive_dependents_in_any_record_order (test_evidence_dependencies.DependencyEvidenceTests.test_passed_controls_allow_conclusive_dependents_in_any_record_order) ... ok
test_self_dependency_and_multi_case_cycle_are_rejected (test_evidence_dependencies.DependencyEvidenceTests.test_self_dependency_and_multi_case_cycle_are_rejected) ... ok
test_unsuccessful_control_blocks_assessed_dependent_outcomes (test_evidence_dependencies.DependencyEvidenceTests.test_unsuccessful_control_blocks_assessed_dependent_outcomes) ... ok
test_unsuccessful_controls_allow_transitively_inconclusive_dependents (test_evidence_dependencies.DependencyEvidenceTests.test_unsuccessful_controls_allow_transitively_inconclusive_dependents) ... ok
test_advisory_scope_is_separate_and_literal_loopback (test_execution.ExecutionContextTests.test_advisory_scope_is_separate_and_literal_loopback) ... ok
test_app_scope_does_not_authorize_pdp_and_endpoint_is_exact (test_execution.ExecutionContextTests.test_app_scope_does_not_authorize_pdp_and_endpoint_is_exact) ... ok
test_atomic_lease_protects_post_mutation_probe_and_cleanup (test_execution.ExecutionContextTests.test_atomic_lease_protects_post_mutation_probe_and_cleanup) ... ok
test_cancel_between_reservation_and_dispatch_releases_not_refunds_io (test_execution.ExecutionContextTests.test_cancel_between_reservation_and_dispatch_releases_not_refunds_io) ... ok
test_cleanup_after_cancel_requires_explicit_permission_and_reserve (test_execution.ExecutionContextTests.test_cleanup_after_cancel_requires_explicit_permission_and_reserve) ... ok
test_cleanup_reserve_is_unavailable_to_normal_traffic (test_execution.ExecutionContextTests.test_cleanup_reserve_is_unavailable_to_normal_traffic) ... ok
test_concurrent_reservation_never_overshoots_remaining_three (test_execution.ExecutionContextTests.test_concurrent_reservation_never_overshoots_remaining_three) ... ok
test_deadline_and_invalid_inputs_fail_closed (test_execution.ExecutionContextTests.test_deadline_and_invalid_inputs_fail_closed) ... ok
test_explicit_operation_scope_and_foreign_reservation (test_execution.ExecutionContextTests.test_explicit_operation_scope_and_foreign_reservation) ... ok
test_failed_transport_counts_and_dispatch_cannot_reuse (test_execution.ExecutionContextTests.test_failed_transport_counts_and_dispatch_cannot_reuse) ... ok
test_lease_returns_only_unused_quota_and_invalidates_pending_reservations (test_execution.ExecutionContextTests.test_lease_returns_only_unused_quota_and_invalidates_pending_reservations) ... ok
test_cancelled_dag_stops_further_dispatch_and_capture_secrets_stay_transient (test_execution.SharedTransportTests.test_cancelled_dag_stops_further_dispatch_and_capture_secrets_stay_transient) ... ok
test_context_concurrency_applies_across_concurrent_engine_runs (test_execution.SharedTransportTests.test_context_concurrency_applies_across_concurrent_engine_runs) ... ok
test_engine_runs_share_global_budget_and_case_categories (test_execution.SharedTransportTests.test_engine_runs_share_global_budget_and_case_categories) ... ok
test_external_watch_stop_event_cancels_inside_dag_with_provided_context (test_execution.SharedTransportTests.test_external_watch_stop_event_cancels_inside_dag_with_provided_context) ... ok
test_observation_callback_failure_is_sanitized (test_execution.SharedTransportTests.test_observation_callback_failure_is_sanitized) ... ok
test_shared_app_and_pdp_budget_and_exact_entrypoint (test_execution.SharedTransportTests.test_shared_app_and_pdp_budget_and_exact_entrypoint) ... ok
test_sixteen_concurrent_app_and_real_opa_starts_share_three_remaining_slots (test_execution.SharedTransportTests.test_sixteen_concurrent_app_and_real_opa_starts_share_three_remaining_slots) ... ok
test_transport_failure_is_counted_and_capture_is_incomplete (test_execution.SharedTransportTests.test_transport_failure_is_counted_and_capture_is_incomplete) ... ok
test_watch_shares_one_context_across_all_iterations (test_execution.SharedTransportTests.test_watch_shares_one_context_across_all_iterations) ... ok
test_200_error_not_bola (test_experiments.ExperimentTests.test_200_error_not_bola) ... ok
test_binding_must_assert_principal_not_alive_flag (test_experiments.ExperimentTests.test_binding_must_assert_principal_not_alive_flag) ... ok
test_changed_rule_not_a_fix (test_experiments.ExperimentTests.test_changed_rule_not_a_fix) ... ok
test_credentials_not_allowed_in_query_or_body (test_experiments.ExperimentTests.test_credentials_not_allowed_in_query_or_body) ... ok
test_default_attestation_does_not_export_observed_values (test_experiments.ExperimentTests.test_default_attestation_does_not_export_observed_values) ... ok
test_duplicate_json_inconclusive (test_experiments.ExperimentTests.test_duplicate_json_inconclusive) ... ok
test_exact_three_controls_required (test_experiments.ExperimentTests.test_exact_three_controls_required) ... ok
test_explicit_mutation_approval (test_experiments.ExperimentTests.test_explicit_mutation_approval) ... ok
test_full_100_case_baseline_to_ten_case_retest (test_experiments.ExperimentTests.test_full_100_case_baseline_to_ten_case_retest) ... ok
test_import_mapping_requires_explicit_scope (test_experiments.ExperimentTests.test_import_mapping_requires_explicit_scope) ... ok
test_invalid_controls_inconclusive_no_target_request (test_experiments.ExperimentTests.test_invalid_controls_inconclusive_no_target_request) ... ok
test_leak_403_confirmed_and_replayed_offline (test_experiments.ExperimentTests.test_leak_403_confirmed_and_replayed_offline) ... ok
test_marker_owner_binding_required (test_experiments.ExperimentTests.test_marker_owner_binding_required) ... ok
test_no_25_variant_expansion (test_experiments.ExperimentTests.test_no_25_variant_expansion) ... ok
test_normalizer_cannot_remove_marker (test_experiments.ExperimentTests.test_normalizer_cannot_remove_marker) ... ok
test_rehashed_budget_forgery_rejected (test_experiments.ExperimentTests.test_rehashed_budget_forgery_rejected) ... ok
test_rehashed_false_finding_rejected (test_experiments.ExperimentTests.test_rehashed_false_finding_rejected) ... ok
test_rehashed_false_predicate_rejected (test_experiments.ExperimentTests.test_rehashed_false_predicate_rejected) ... ok
test_retest_preserves_roots_and_confirms_scoped_fix (test_experiments.ExperimentTests.test_retest_preserves_roots_and_confirms_scoped_fix) ... ok
test_rotated_credentials_without_fresh_binding_cannot_verify_fix (test_experiments.ExperimentTests.test_rotated_credentials_without_fresh_binding_cannot_verify_fix) ... ok
test_same_input_same_plan_and_no_network (test_experiments.ExperimentTests.test_same_input_same_plan_and_no_network) ... ok
test_status_only_identity_not_binding (test_experiments.ExperimentTests.test_status_only_identity_not_binding) ... ok
test_token_b_actually_belongs_to_a_fails_principal_control (test_experiments.ExperimentTests.test_token_b_actually_belongs_to_a_fails_principal_control) ... ok
test_typed_missing_null_bool_and_duplicate_headers (test_experiments.ExperimentTests.test_typed_missing_null_bool_and_duplicate_headers) ... ok
test_unrelated_resource_route_requires_resource_pointer (test_experiments.ExperimentTests.test_unrelated_resource_route_requires_resource_pointer) ... ok
test_concurrent_appends_are_transactionally_ordered (test_history.HistoryTests.test_concurrent_appends_are_transactionally_ordered) ... ok
test_database_rejects_unsafe_permissions_links_and_bad_ids (test_history.HistoryTests.test_database_rejects_unsafe_permissions_links_and_bad_ids) ... ok
test_deleted_tail_is_detected_even_when_triggers_are_restored (test_history.HistoryTests.test_deleted_tail_is_detected_even_when_triggers_are_restored) ... ok
test_limits_and_missing_records_fail_predictably (test_history.HistoryTests.test_limits_and_missing_records_fail_predictably) ... ok
test_malformed_database_schema_is_reported_without_uncaught_errors (test_history.HistoryTests.test_malformed_database_schema_is_reported_without_uncaught_errors) ... ok
test_rejects_tampering_before_next_append_or_reopen (test_history.HistoryTests.test_rejects_tampering_before_next_append_or_reopen) ... ok
test_report_and_graph_must_bind_to_retained_scope (test_history.HistoryTests.test_report_and_graph_must_bind_to_retained_scope) ... ok
test_resolved_credentials_are_rejected_even_in_sealed_metadata (test_history.HistoryTests.test_resolved_credentials_are_rejected_even_in_sealed_metadata) ... ok
test_roundtrip_durable_history_and_external_anchor (test_history.HistoryTests.test_roundtrip_durable_history_and_external_anchor) ... ok
test_sql_update_and_delete_are_blocked (test_history.HistoryTests.test_sql_update_and_delete_are_blocked) ... ok
test_stale_expected_tail_is_rejected_without_appending (test_history.HistoryTests.test_stale_expected_tail_is_rejected_without_appending) ... ok
test_binary_form_and_invalid_json_bodies_are_not_silently_repaired (test_imports.ImportTests.test_binary_form_and_invalid_json_bodies_are_not_silently_repaired) ... ok
test_credential_json_and_query_values_still_redact_cross_entry_echoes (test_imports.ImportTests.test_credential_json_and_query_values_still_redact_cross_entry_echoes) ... ok
test_credential_query_body_can_only_be_explicitly_omitted (test_imports.ImportTests.test_credential_query_body_can_only_be_explicitly_omitted) ... ok
test_credentials_are_redacted_when_echoed_in_a_different_entry (test_imports.ImportTests.test_credentials_are_redacted_when_echoed_in_a_different_entry) ... ok
test_custom_redaction_and_invalid_limits_cannot_disable_safety (test_imports.ImportTests.test_custom_redaction_and_invalid_limits_cannot_disable_safety) ... ok
test_different_origin_is_observed_but_never_authorized (test_imports.ImportTests.test_different_origin_is_observed_but_never_authorized) ... ok
test_duplicate_headers_and_smuggling_framing_block_execution (test_imports.ImportTests.test_duplicate_headers_and_smuggling_framing_block_execution) ... ok
test_duplicate_queries_preserve_order_and_block_execution (test_imports.ImportTests.test_duplicate_queries_preserve_order_and_block_execution) ... ok
test_explicit_mapping_preserves_original_and_binds_safe_receipts (test_imports.ImportTests.test_explicit_mapping_preserves_original_and_binds_safe_receipts) ... ok
test_genuine_chromium_playwright_har_capture_imports_without_origin_corruption (test_imports.ImportTests.test_genuine_chromium_playwright_har_capture_imports_without_origin_corruption) ... ok
test_genuine_zap_capture_maps_to_separate_controlled_execution (test_imports.ImportTests.test_genuine_zap_capture_maps_to_separate_controlled_execution) ... ok
test_genuine_zap_report_has_pinned_producer_and_unmodified_source (test_imports.ImportTests.test_genuine_zap_report_has_pinned_producer_and_unmodified_source) ... ok
test_har_missing_body_and_ambiguous_length_are_visible (test_imports.ImportTests.test_har_missing_body_and_ambiguous_length_are_visible) ... ok
test_har_version_query_projection_and_response_size_checks (test_imports.ImportTests.test_har_version_query_projection_and_response_size_checks) ... ok
test_header_query_json_and_error_canaries_do_not_escape (test_imports.ImportTests.test_header_query_json_and_error_canaries_do_not_escape) ... ok
test_import_performs_no_network_or_external_file_read (test_imports.ImportTests.test_import_performs_no_network_or_external_file_read) ... ok
test_incomplete_message_is_visible_and_not_executable (test_imports.ImportTests.test_incomplete_message_is_visible_and_not_executable) ... ok
test_json_duplicate_keys_nan_and_nesting_fail_closed (test_imports.ImportTests.test_json_duplicate_keys_nan_and_nesting_fail_closed) ... ok
test_known_credential_echoed_in_safe_header_and_path_is_removed (test_imports.ImportTests.test_known_credential_echoed_in_safe_header_and_path_is_removed) ... ok
test_malformed_base64_has_constant_safe_error (test_imports.ImportTests.test_malformed_base64_has_constant_safe_error) ... ok
test_malformed_structures_never_return_raw_parser_values (test_imports.ImportTests.test_malformed_structures_never_return_raw_parser_values) ... ok
test_mapping_cannot_redirect_scope_or_insert_credential_literals (test_imports.ImportTests.test_mapping_cannot_redirect_scope_or_insert_credential_literals) ... ok
test_mapping_rejects_changed_source_unknown_slots_and_ambiguous_array_removal (test_imports.ImportTests.test_mapping_rejects_changed_source_unknown_slots_and_ambiguous_array_removal) ... ok
test_missing_response_does_not_invent_observation (test_imports.ImportTests.test_missing_response_does_not_invent_observation) ... ok
test_partial_mapping_reindexes_query_and_retains_other_blockers (test_imports.ImportTests.test_partial_mapping_reindexes_query_and_retains_other_blockers) ... ok
test_raw_secret_rotation_does_not_change_projection_digest_or_ids (test_imports.ImportTests.test_raw_secret_rotation_does_not_change_projection_digest_or_ids) ... ok
test_raw_xml_message_and_numeric_json_are_supported (test_imports.ImportTests.test_raw_xml_message_and_numeric_json_are_supported) ... ok
test_redaction_work_has_a_batch_budget (test_imports.ImportTests.test_redaction_work_has_a_batch_budget) ... ok
test_request_target_host_and_method_disagreements_block_execution (test_imports.ImportTests.test_request_target_host_and_method_disagreements_block_execution) ... ok
test_sensitive_path_userinfo_and_token_shaped_segments_redacted (test_imports.ImportTests.test_sensitive_path_userinfo_and_token_shaped_segments_redacted) ... ok
test_size_entry_header_and_decoded_base64_bounds (test_imports.ImportTests.test_size_entry_header_and_decoded_base64_bounds) ... ok
test_three_profiles_normalize_real_message_fields_without_secret_values (test_imports.ImportTests.test_three_profiles_normalize_real_message_fields_without_secret_values) ... ok
test_utf16_xml_cannot_bypass_dtd_rejection (test_imports.ImportTests.test_utf16_xml_cannot_bypass_dtd_rejection) ... ok
test_uuid_resource_identifiers_remain_usable_but_known_uuid_credentials_redact (test_imports.ImportTests.test_uuid_resource_identifiers_remain_usable_but_known_uuid_credentials_redact) ... ok
test_wrong_version_types_produce_blocker_without_decoder_exception (test_imports.ImportTests.test_wrong_version_types_produce_blocker_without_decoder_exception) ... ok
test_xml_depth_and_duplicate_fields_are_bounded (test_imports.ImportTests.test_xml_depth_and_duplicate_fields_are_bounded) ... ok
test_xml_rejects_dtd_xxe_and_entity_expansion (test_imports.ImportTests.test_xml_rejects_dtd_xxe_and_entity_expansion) ... ok
test_zap_alert_without_message_remains_unverified_source_assertion (test_imports.ImportTests.test_zap_alert_without_message_remains_unverified_source_assertion) ... ok
test_boolean_is_not_equal_to_numeric_permission (test_independent.AssertionBoundaryTests.test_boolean_is_not_equal_to_numeric_permission) ... ok
test_credentials_and_reflected_response_never_reach_artifacts (test_independent.AssertionBoundaryTests.test_credentials_and_reflected_response_never_reach_artifacts) ... ok
test_duplicate_json_members_cannot_satisfy_authorization_check (test_independent.AssertionBoundaryTests.test_duplicate_json_members_cannot_satisfy_authorization_check) ... ok
test_failed_positive_control_prevents_denial_request (test_independent.AssertionBoundaryTests.test_failed_positive_control_prevents_denial_request) ... ok
test_deep_untrusted_report_returns_controlled_cli_error (test_independent.EvidenceBoundaryTests.test_deep_untrusted_report_returns_controlled_cli_error) ... ok
test_duplicate_report_keys_are_not_silently_normalized (test_independent.EvidenceBoundaryTests.test_duplicate_report_keys_are_not_silently_normalized) ... ok
test_inconsistent_pass_record_cannot_be_sealed_or_verified (test_independent.EvidenceBoundaryTests.test_inconsistent_pass_record_cannot_be_sealed_or_verified) ... ok
test_same_digest_but_different_target_is_not_a_valid_comparison (test_independent.EvidenceBoundaryTests.test_same_digest_but_different_target_is_not_a_valid_comparison) ... ok
test_content_length_truncation_is_error_even_when_json_prefix_is_complete (test_independent.TransportBoundaryTests.test_content_length_truncation_is_error_even_when_json_prefix_is_complete) ... ok
test_nested_percent_delimiter_and_traversal_rejected_before_network (test_independent.TransportBoundaryTests.test_nested_percent_delimiter_and_traversal_rejected_before_network) ... ok
test_redirect_never_sends_credentials_to_another_origin (test_independent.TransportBoundaryTests.test_redirect_never_sends_credentials_to_another_origin) ... ok
test_total_deadline_covers_slow_trickling_response_headers (test_independent.TransportBoundaryTests.test_total_deadline_covers_slow_trickling_response_headers) ... ok
test_attested_predicate_cannot_contradict_original_absence_check (test_integration_security.IntegrationSecurityTests.test_attested_predicate_cannot_contradict_original_absence_check) ... ok
test_changed_rule_cannot_overwrite_a_prior_confirmed_finding_as_a_fix (test_integration_security.IntegrationSecurityTests.test_changed_rule_cannot_overwrite_a_prior_confirmed_finding_as_a_fix) ... ok
test_cross_origin_finding_id_collision_never_hides_confirmed_finding (test_integration_security.IntegrationSecurityTests.test_cross_origin_finding_id_collision_never_hides_confirmed_finding) ... ok
test_encoded_fixture_reflection_is_withheld_from_history_and_assessment (test_integration_security.IntegrationSecurityTests.test_encoded_fixture_reflection_is_withheld_from_history_and_assessment) ... ok
test_foreign_tool_name_is_not_authzledger_semantics (test_integration_security.IntegrationSecurityTests.test_foreign_tool_name_is_not_authzledger_semantics) ... ok
test_incomplete_capture_cannot_confirm_even_when_all_hashes_are_rebuilt (test_integration_security.IntegrationSecurityTests.test_incomplete_capture_cannot_confirm_even_when_all_hashes_are_rebuilt) ... ok
test_invalid_json_report_cannot_be_recast_as_a_valid_json_oracle_capture (test_integration_security.IntegrationSecurityTests.test_invalid_json_report_cannot_be_recast_as_a_valid_json_oracle_capture) ... ok
test_retained_projection_cannot_contradict_original_absence_check (test_integration_security.IntegrationSecurityTests.test_retained_projection_cannot_contradict_original_absence_check) ... ok
test_selected_oracle_value_cannot_persist_a_reflected_runtime_credential (test_integration_security.IntegrationSecurityTests.test_selected_oracle_value_cannot_persist_a_reflected_runtime_credential) ... ok
test_self_consistent_empty_budget_cannot_describe_executed_report (test_integration_security.IntegrationSecurityTests.test_self_consistent_empty_budget_cannot_describe_executed_report) ... ok
test_short_credential_substrings_cannot_enter_dynamic_workflow_bindings (test_integration_security.IntegrationSecurityTests.test_short_credential_substrings_cannot_enter_dynamic_workflow_bindings) ... ok
test_unknown_baseline_to_confirmed_violation_is_not_claimed_as_regression (test_integration_security.IntegrationSecurityTests.test_unknown_baseline_to_confirmed_violation_is_not_claimed_as_regression) ... ok
test_unknown_tool_version_is_not_a_verified_execution_profile (test_integration_security.IntegrationSecurityTests.test_unknown_tool_version_is_not_a_verified_execution_profile) ... ok
test_workflow_binding_cannot_export_reflected_runtime_credential (test_integration_security.IntegrationSecurityTests.test_workflow_binding_cannot_export_reflected_runtime_credential) ... ok
test_2xx_protected_field_signal_and_retest_resolution (test_intelligence.IntelligenceTests.test_2xx_protected_field_signal_and_retest_resolution) ... ok
test_500_and_200_login_body_never_establish_access_or_escalation (test_intelligence.IntelligenceTests.test_500_and_200_login_body_never_establish_access_or_escalation) ... ok
test_added_removed_scope_and_different_target (test_intelligence.IntelligenceTests.test_added_removed_scope_and_different_target) ... ok
test_altered_contract_or_policy_never_becomes_misleading_fix (test_intelligence.IntelligenceTests.test_altered_contract_or_policy_never_becomes_misleading_fix) ... ok
test_changed_identity_or_weakened_prerequisite_never_resolves (test_intelligence.IntelligenceTests.test_changed_identity_or_weakened_prerequisite_never_resolves) ... ok
test_denial_body_leak_is_unsafe_denial_not_safe_deny (test_intelligence.IntelligenceTests.test_denial_body_leak_is_unsafe_denial_not_safe_deny) ... ok
test_graph_only_verification_rejects_resealed_dependency_contradictions (test_intelligence.IntelligenceTests.test_graph_only_verification_rejects_resealed_dependency_contradictions) ... ok
test_graph_tamper_hash_and_resealed_false_findings_rejected (test_intelligence.IntelligenceTests.test_graph_tamper_hash_and_resealed_false_findings_rejected) ... ok
test_legacy_error_without_status_stays_unknown_without_raw_exception (test_intelligence.IntelligenceTests.test_legacy_error_without_status_stays_unknown_without_raw_exception) ... ok
test_policy_evaluation_rejects_stale_contract_target_case_set_and_provenance (test_intelligence.IntelligenceTests.test_policy_evaluation_rejects_stale_contract_target_case_set_and_provenance) ... ok
test_resealed_reports_cannot_claim_wrong_scope_or_checks (test_intelligence.IntelligenceTests.test_resealed_reports_cannot_claim_wrong_scope_or_checks) ... ok
test_status_expectation_mixed_is_unknown_never_observed_inferred (test_intelligence.IntelligenceTests.test_status_expectation_mixed_is_unknown_never_observed_inferred) ... ok
test_status_only_positive_and_missing_observation_never_content_proof (test_intelligence.IntelligenceTests.test_status_only_positive_and_missing_observation_never_content_proof) ... ok
test_three_layers_independent_unobserved_and_stable (test_intelligence.IntelligenceTests.test_three_layers_independent_unobserved_and_stable) ... ok
test_verified_evidence_policy_binding_and_explicit_drift (test_intelligence.IntelligenceTests.test_verified_evidence_policy_binding_and_explicit_drift) ... ok
test_all_authored_fault_outcomes_and_clean_retest_match (test_matrix.FaultCorpusTests.test_all_authored_fault_outcomes_and_clean_retest_match) ... ok
test_all_evidence_verifies_and_temporary_credentials_are_removed (test_matrix.FaultCorpusTests.test_all_evidence_verifies_and_temporary_credentials_are_removed) ... ok
test_browser_integer_number_roundtrip_preserves_report_seals (test_matrix.FaultCorpusTests.test_browser_integer_number_roundtrip_preserves_report_seals) ... ok
test_explanations_bind_contract_identity_and_integrity (test_matrix.FaultCorpusTests.test_explanations_bind_contract_identity_and_integrity) ... ok
test_same_hash_does_not_override_case_scope_mismatch (test_matrix.FaultCorpusTests.test_same_hash_does_not_override_case_scope_mismatch) ... ok
test_status_only_misses_data_leak_and_masks_invalid_controls (test_matrix.FaultCorpusTests.test_status_only_misses_data_leak_and_masks_invalid_controls) ... ok
test_cli_generates_reviewable_artifacts_without_overwriting (test_matrix.MatrixTests.test_cli_generates_reviewable_artifacts_without_overwriting) ... AuthzLedger could not complete: FileExistsError. Check input, credentials and output permissions.
ok
test_complete_cartesian_coverage_and_two_control_obligations (test_matrix.MatrixTests.test_complete_cartesian_coverage_and_two_control_obligations) ... ok
test_duplicate_actors_resources_paths_and_environment_refs_rejected (test_matrix.MatrixTests.test_duplicate_actors_resources_paths_and_environment_refs_rejected) ... ok
test_fixture_and_scope_changes_are_explicit (test_matrix.MatrixTests.test_fixture_and_scope_changes_are_explicit) ... ok
test_limits_and_mutating_or_redirect_paths_rejected (test_matrix.MatrixTests.test_limits_and_mutating_or_redirect_paths_rejected) ... ok
test_missing_actor_control_blocks_its_denials (test_matrix.MatrixTests.test_missing_actor_control_blocks_its_denials) ... ok
test_missing_resource_control_blocks_all_denials_to_it (test_matrix.MatrixTests.test_missing_resource_control_blocks_all_denials_to_it) ... ok
test_no_authentication_failure_can_count_as_matrix_denial (test_matrix.MatrixTests.test_no_authentication_failure_can_count_as_matrix_denial) ... ok
test_offline_compile_does_not_resolve_credentials_or_send_requests (test_matrix.MatrixTests.test_offline_compile_does_not_resolve_credentials_or_send_requests) ... ok
test_order_invariant_compilation_and_hashes (test_matrix.MatrixTests.test_order_invariant_compilation_and_hashes) ... ok
test_policy_change_is_not_a_resolved_vulnerability (test_matrix.MatrixTests.test_policy_change_is_not_a_resolved_vulnerability) ... ok
test_positive_controls_require_body_identity_assertions (test_matrix.MatrixTests.test_positive_controls_require_body_identity_assertions) ... ok
test_removed_coverage_remains_in_migration (test_matrix.MatrixTests.test_removed_coverage_remains_in_migration) ... ok
test_unknown_is_a_gap_and_never_defaults_to_deny (test_matrix.MatrixTests.test_unknown_is_a_gap_and_never_defaults_to_deny) ... ok
test_unknown_schema_keys_and_decision_references_rejected (test_matrix.MatrixTests.test_unknown_schema_keys_and_decision_references_rejected) ... ok
test_budget_stop_keeps_last_proven_candidate (test_minimize.ReductionTests.test_budget_stop_keeps_last_proven_candidate) ... ok
test_control_failure_never_accepts_candidate (test_minimize.ReductionTests.test_control_failure_never_accepts_candidate) ... ok
test_different_object_bug_is_not_accepted_as_same_violation (test_minimize.ReductionTests.test_different_object_bug_is_not_accepted_as_same_violation) ... ok
test_duplicate_queries_preserve_occurrence_and_encoding (test_minimize.ReductionTests.test_duplicate_queries_preserve_occurrence_and_encoding) ... ok
test_exact_three_irrelevant_and_two_necessary_units (test_minimize.ReductionTests.test_exact_three_irrelevant_and_two_necessary_units) ... ok
test_exported_reproducer_runs_in_fresh_fixture_with_new_credentials (test_minimize.ReductionTests.test_exported_reproducer_runs_in_fresh_fixture_with_new_credentials) ... ok
test_fresh_workflow_isolation_for_mutating_reduction (test_minimize.ReductionTests.test_fresh_workflow_isolation_for_mutating_reduction) ... ok
test_necessary_parameter_survives_and_final_single_gate_is_real (test_minimize.ReductionTests.test_necessary_parameter_survives_and_final_single_gate_is_real) ... ok
test_nested_json_removal_keeps_siblings (test_minimize.ReductionTests.test_nested_json_removal_keeps_siblings) ... ok
test_observed_flakiness_never_claims_minimality (test_minimize.ReductionTests.test_observed_flakiness_never_claims_minimality) ... ok
test_protected_unit_and_control_cannot_be_selected (test_minimize.ReductionTests.test_protected_unit_and_control_cannot_be_selected) ... ok
test_real_request_reduction_keeps_original_and_uses_fresh_controls (test_minimize.ReductionTests.test_real_request_reduction_keeps_original_and_uses_fresh_controls) ... ok
test_rehashed_labels_stop_reasons_boolean_and_request_count_rejected_offline (test_minimize.ReductionTests.test_rehashed_labels_stop_reasons_boolean_and_request_count_rejected_offline) ... ok
test_rehashed_minimality_without_final_gate_rejected (test_minimize.ReductionTests.test_rehashed_minimality_without_final_gate_rejected) ... ok
test_shared_context_never_gets_reset_between_attempts (test_minimize.ReductionTests.test_shared_context_never_gets_reset_between_attempts) ... ok
test_workflow_reduction_plan_roundtrip (test_minimize.ReductionTests.test_workflow_reduction_plan_roundtrip) ... ok
test_dependency_validation (test_model.ModelTests.test_dependency_validation) ... ok
test_duplicate_file_keys_and_oversized_file (test_model.ModelTests.test_duplicate_file_keys_and_oversized_file) ... ok
test_header_validation (test_model.ModelTests.test_header_validation) ... ok
test_invalid_json_checks_and_values (test_model.ModelTests.test_invalid_json_checks_and_values) ... ok
test_limit_validation_and_request_budget (test_model.ModelTests.test_limit_validation_and_request_budget) ... ok
test_matrix_expansion_and_collision_detection (test_model.ModelTests.test_matrix_expansion_and_collision_detection) ... ok
test_mutating_methods_need_opt_in (test_model.ModelTests.test_mutating_methods_need_opt_in) ... ok
test_normalization_defaults_stable_digest_and_no_mutation (test_model.ModelTests.test_normalization_defaults_stable_digest_and_no_mutation) ... ok
test_origin_validation_and_default_port_normalization (test_model.ModelTests.test_origin_validation_and_default_port_normalization) ... ok
test_plan_does_not_resolve_or_expose_credentials_headers_or_expected_values (test_model.ModelTests.test_plan_does_not_resolve_or_expose_credentials_headers_or_expected_values) ... ok
test_traversal_and_parser_escapes_are_rejected (test_model.ModelTests.test_traversal_and_parser_escapes_are_rejected) ... ok
test_unknown_fields_fail_at_every_level (test_model.ModelTests.test_unknown_fields_fail_at_every_level) ... ok
test_catalog_local_refs_and_operation_security_override (test_openapi.OpenAPITests.test_catalog_local_refs_and_operation_security_override) ... ok
test_compile_preserves_explicit_policy_and_does_not_use_spec_server (test_openapi.OpenAPITests.test_compile_preserves_explicit_policy_and_does_not_use_spec_server) ... ok
test_fixture_cannot_inject_path_routing_or_traversal (test_openapi.OpenAPITests.test_fixture_cannot_inject_path_routing_or_traversal) ... ok
test_malformed_security_template_and_nonfinite_values_rejected (test_openapi.OpenAPITests.test_malformed_security_template_and_nonfinite_values_rejected) ... ok
test_missing_unknown_or_wrong_type_parameter_is_rejected (test_openapi.OpenAPITests.test_missing_unknown_or_wrong_type_parameter_is_rejected) ... ok
test_mutating_import_requires_explicit_opt_in (test_openapi.OpenAPITests.test_mutating_import_requires_explicit_opt_in) ... ok
test_no_permission_inference (test_openapi.OpenAPITests.test_no_permission_inference) ... ok
test_operation_parameter_overrides_path_parameter (test_openapi.OpenAPITests.test_operation_parameter_overrides_path_parameter) ... ok
test_query_value_cannot_add_an_extra_parameter (test_openapi.OpenAPITests.test_query_value_cannot_add_an_extra_parameter) ... ok
test_remote_reference_cycle_and_ambiguous_siblings_are_rejected (test_openapi.OpenAPITests.test_remote_reference_cycle_and_ambiguous_siblings_are_rejected) ... ok
test_required_body_and_non_json_media_types (test_openapi.OpenAPITests.test_required_body_and_non_json_media_types) ... ok
test_required_complex_parameter_blocks_compilation (test_openapi.OpenAPITests.test_required_complex_parameter_blocks_compilation) ... ok
test_context_is_explicit_case_override_and_type_exact (test_policy.PolicyTests.test_context_is_explicit_case_override_and_type_exact) ... ok
test_deep_python_input_fails_with_policy_error_before_traffic (test_policy.PolicyTests.test_deep_python_input_fails_with_policy_error_before_traffic) ... ok
test_deny_precedence_over_earlier_allow_and_explain_order (test_policy.PolicyTests.test_deny_precedence_over_earlier_allow_and_explain_order) ... ok
test_intent_does_not_supply_policy_decision (test_policy.PolicyTests.test_intent_does_not_supply_policy_decision) ... ok
test_large_imported_pattern_workload_is_rejected_before_evaluation (test_policy.PolicyTests.test_large_imported_pattern_workload_is_rejected_before_evaluation) ... ok
test_opa_real_boolean_api_and_no_app_credentials_or_expectations (test_policy.PolicyTests.test_opa_real_boolean_api_and_no_app_credentials_or_expectations) ... ok
test_opa_scope_requires_explicit_origin (test_policy.PolicyTests.test_opa_scope_requires_explicit_origin) ... ok
test_opa_undefined_nonboolean_redirect_duplicates_and_bounds_fail_closed (test_policy.PolicyTests.test_opa_undefined_nonboolean_redirect_duplicates_and_bounds_fail_closed) ... ok
test_opa_untrusted_response_never_echoes_secret_into_provenance (test_policy.PolicyTests.test_opa_untrusted_response_never_echoes_secret_into_provenance) ... ok
test_policy_validation_does_not_resolve_credential_or_make_request (test_policy.PolicyTests.test_policy_validation_does_not_resolve_credential_or_make_request) ... ok
test_scope_unknown_fields_and_ambiguous_inputs_rejected (test_policy.PolicyTests.test_scope_unknown_fields_and_ambiguous_inputs_rejected) ... ok
test_default_is_factual_and_never_calls_model_or_modifies_graph (test_reasoning.DeterministicReasoningTests.test_default_is_factual_and_never_calls_model_or_modifies_graph) ... ok
test_denial_body_leak_and_failed_control_are_explicit (test_reasoning.DeterministicReasoningTests.test_denial_body_leak_and_failed_control_are_explicit) ... ok
test_duplicate_or_missing_edge_ids_fail_before_model_contact (test_reasoning.DeterministicReasoningTests.test_duplicate_or_missing_edge_ids_fail_before_model_contact) ... ok
test_policy_intent_drift_has_a_grounded_explanation (test_reasoning.DeterministicReasoningTests.test_policy_intent_drift_has_a_grounded_explanation) ... ok
test_unknown_observation_is_never_called_protected (test_reasoning.DeterministicReasoningTests.test_unknown_observation_is_never_called_protected) ... ok
test_absolute_deadline_includes_headers_and_slow_progress_body (test_reasoning.LocalAdvisoryTests.test_absolute_deadline_includes_headers_and_slow_progress_body) ... ok
test_absolute_deadline_remains_active_after_connection_close_handoff (test_reasoning.LocalAdvisoryTests.test_absolute_deadline_remains_active_after_connection_close_handoff) ... ok
test_actual_local_inference_is_pseudonymized_and_independent (test_reasoning.LocalAdvisoryTests.test_actual_local_inference_is_pseudonymized_and_independent) ... ok
test_bounded_graph_retains_all_deterministic_explanations (test_reasoning.LocalAdvisoryTests.test_bounded_graph_retains_all_deterministic_explanations) ... ok
test_connection_close_handoff_preserves_delayed_body_and_size_bound (test_reasoning.LocalAdvisoryTests.test_connection_close_handoff_preserves_delayed_body_and_size_bound) ... ok
test_fabricated_ids_missing_citations_and_extra_authority_fields_rejected (test_reasoning.LocalAdvisoryTests.test_fabricated_ids_missing_citations_and_extra_authority_fields_rejected) ... ok
test_failed_local_socket_is_transparent (test_reasoning.LocalAdvisoryTests.test_failed_local_socket_is_transparent) ... ok
test_invalid_graph_states_are_rejected_before_model_contact (test_reasoning.LocalAdvisoryTests.test_invalid_graph_states_are_rejected_before_model_contact) ... ok
test_invalid_origin_and_bounds_make_no_request (test_reasoning.LocalAdvisoryTests.test_invalid_origin_and_bounds_make_no_request) ... ok
test_localhost_is_pinned_without_dns_resolution (test_reasoning.LocalAdvisoryTests.test_localhost_is_pinned_without_dns_resolution) ... ok
test_oversize_and_executable_output_are_rejected (test_reasoning.LocalAdvisoryTests.test_oversize_and_executable_output_are_rejected) ... ok
test_redirect_is_not_followed_and_remote_error_is_not_copied (test_reasoning.LocalAdvisoryTests.test_redirect_is_not_followed_and_remote_error_is_not_copied) ... ok
test_response_size_bound_covers_length_and_unframed_stream (test_reasoning.LocalAdvisoryTests.test_response_size_bound_covers_length_and_unframed_stream) ... ok
test_changed_cases_and_inconclusive_semantics_are_clear (test_reports.DiffHtmlTests.test_changed_cases_and_inconclusive_semantics_are_clear) ... ok
test_diff_untrusted_metadata_ids_and_labels_are_escaped (test_reports.DiffHtmlTests.test_diff_untrusted_metadata_ids_and_labels_are_escaped) ... ok
test_control_type_cannot_inject_class_or_markup (test_reports.HtmlTests.test_control_type_cannot_inject_class_or_markup) ... ok
test_empty_report_does_not_claim_success (test_reports.HtmlTests.test_empty_report_does_not_claim_success) ... ok
test_every_displayed_untrusted_string_is_escaped (test_reports.HtmlTests.test_every_displayed_untrusted_string_is_escaped) ... ok
test_inconclusive_is_not_success (test_reports.HtmlTests.test_inconclusive_is_not_success) ... ok
test_modified_metadata_shows_integrity_failure (test_reports.HtmlTests.test_modified_metadata_shows_integrity_failure) ... ok
test_non_rendered_extra_fields_do_not_leak (test_reports.HtmlTests.test_non_rendered_extra_fields_do_not_leak) ... ok
test_self_contained_responsive_report_and_scope (test_reports.HtmlTests.test_self_contained_responsive_report_and_scope) ... ok
test_empty_junit_is_valid_and_has_zero_cases (test_reports.JunitTests.test_empty_junit_is_valid_and_has_zero_cases) ... ok
test_outcomes_have_distinct_ci_meaning (test_reports.JunitTests.test_outcomes_have_distinct_ci_meaning) ... ok
test_tampered_junit_is_refused (test_reports.JunitTests.test_tampered_junit_is_refused) ... ok
test_xml_injection_is_data_and_illegal_controls_are_replaced (test_reports.JunitTests.test_xml_injection_is_data_and_illegal_controls_are_replaced) ... ok
test_advisory_notes_can_be_signed_without_becoming_decision_authority (test_signing.SigningTests.test_advisory_notes_can_be_signed_without_becoming_decision_authority) ... ok
test_duplicate_keys_shape_changes_and_non_finite_manifest_are_rejected (test_signing.SigningTests.test_duplicate_keys_shape_changes_and_non_finite_manifest_are_rejected) ... ok
test_explanation_binding_authority_citations_and_factual_output_are_checked (test_signing.SigningTests.test_explanation_binding_authority_citations_and_factual_output_are_checked) ... ok
test_external_trusted_public_key_is_mandatory (test_signing.SigningTests.test_external_trusted_public_key_is_mandatory) ... ok
test_full_source_bundle_reconstructs_graph_and_deterministic_explanation (test_signing.SigningTests.test_full_source_bundle_reconstructs_graph_and_deterministic_explanation) ... ok
test_invalid_sealed_report_cannot_be_signed (test_signing.SigningTests.test_invalid_sealed_report_cannot_be_signed) ... ok
test_key_and_bundle_destinations_cannot_be_overwritten (test_signing.SigningTests.test_key_and_bundle_destinations_cannot_be_overwritten) ... ok
test_manifest_claimed_sizes_and_sparse_source_abuse_are_bounded (test_signing.SigningTests.test_manifest_claimed_sizes_and_sparse_source_abuse_are_bounded) ... ok
test_private_keys_cannot_be_attached (test_signing.SigningTests.test_private_keys_cannot_be_attached) ... ok
test_rehashed_contradictory_graph_cannot_be_signed_or_verified (test_signing.SigningTests.test_rehashed_contradictory_graph_cannot_be_signed_or_verified) ... ok
test_resealing_the_report_does_not_recreate_a_trusted_signature (test_signing.SigningTests.test_resealing_the_report_does_not_recreate_a_trusted_signature) ... ok
test_reserved_graph_requires_contract_and_explanation_requires_graph (test_signing.SigningTests.test_reserved_graph_requires_contract_and_explanation_requires_graph) ... ok
test_roundtrip_attachments_and_isolated_independent_verifier (test_signing.SigningTests.test_roundtrip_attachments_and_isolated_independent_verifier) ... ok
test_semantically_invalid_signed_runner_output_is_rejected (test_signing.SigningTests.test_semantically_invalid_signed_runner_output_is_rejected) ... ok
test_symlink_sources_destination_and_trusted_key_are_rejected (test_signing.SigningTests.test_symlink_sources_destination_and_trusted_key_are_rejected) ... ok
test_symlinks_missing_and_extra_files_are_rejected (test_signing.SigningTests.test_symlinks_missing_and_extra_files_are_rejected) ... ok
test_tampering_each_authenticated_surface_is_rejected (test_signing.SigningTests.test_tampering_each_authenticated_surface_is_rejected) ... ok
test_traversal_absolute_paths_and_ambiguous_names_are_blocked (test_signing.SigningTests.test_traversal_absolute_paths_and_ambiguous_names_are_blocked) ... ok
test_benchmark_job_and_bound_explanations (test_studio.StudioTests.test_benchmark_job_and_bound_explanations) ... ok
test_browser_import_rejects_silently_rounded_integer_identifiers (test_studio.StudioTests.test_browser_import_rejects_silently_rounded_integer_identifiers) ... ok
test_capability_required_even_for_job_and_session_reads (test_studio.StudioTests.test_capability_required_even_for_job_and_session_reads) ... ok
test_changed_mutation_setting_requires_new_review (test_studio.StudioTests.test_changed_mutation_setting_requires_new_review) ... ok
test_cross_origin_and_rebinding_host_rejected (test_studio.StudioTests.test_cross_origin_and_rebinding_host_rejected) ... ok
test_duplicate_host_and_content_length_headers_are_rejected (test_studio.StudioTests.test_duplicate_host_and_content_length_headers_are_rejected) ... ok
test_duplicate_keys_nonfinite_and_oversized_bodies_fail_closed (test_studio.StudioTests.test_duplicate_keys_nonfinite_and_oversized_bodies_fail_closed) ... ok
test_full_import_preview_run_export_uses_real_http_and_redacts_credentials (test_studio.StudioTests.test_full_import_preview_run_export_uses_real_http_and_redacts_credentials) ... ok
test_local_demo_returns_actual_before_after_and_retest (test_studio.StudioTests.test_local_demo_returns_actual_before_after_and_retest) ... ok
test_matrix_analysis_is_offline_and_unknown_policy_stays_unresolved (test_studio.StudioTests.test_matrix_analysis_is_offline_and_unknown_policy_stays_unresolved) ... ok
test_public_shell_contains_no_capability_and_restricts_browser_execution (test_studio.StudioTests.test_public_shell_contains_no_capability_and_restricts_browser_execution) ... ok
test_run_requires_exact_recent_plan_and_affirmative_authorization (test_studio.StudioTests.test_run_requires_exact_recent_plan_and_affirmative_authorization) ... ok
test_single_active_job_and_bounded_history (test_studio.StudioTests.test_single_active_job_and_bounded_history) ... ok
test_traversal_and_unknown_assets_do_not_read_files (test_studio.StudioTests.test_traversal_and_unknown_assets_do_not_read_files) ... ok
test_bounded_workflow_assurance_shared_service_and_signed_snapshot_inputs (test_studio_assessments.StudioAssessmentTests.test_bounded_workflow_assurance_shared_service_and_signed_snapshot_inputs) ... ok
test_cancel_during_control_prevents_following_dispatches (test_studio_assessments.StudioAssessmentTests.test_cancel_during_control_prevents_following_dispatches) ... ok
test_catalog_matches_shared_reporting_service (test_studio_assessments.StudioAssessmentTests.test_catalog_matches_shared_reporting_service) ... ok
test_cli_and_studio_exact_plan_and_normalized_decision_parity (test_studio_assessments.StudioAssessmentTests.test_cli_and_studio_exact_plan_and_normalized_decision_parity) ... ok
test_credential_values_not_echoed_and_generation_invalidates_review (test_studio_assessments.StudioAssessmentTests.test_credential_values_not_echoed_and_generation_invalidates_review) ... ok
test_explicit_authorization_required (test_studio_assessments.StudioAssessmentTests.test_explicit_authorization_required) ... ok
test_historical_inspector_never_requeries_configured_opa (test_studio_assessments.StudioAssessmentTests.test_historical_inspector_never_requeries_configured_opa) ... ok
test_idempotent_review_returns_same_job_without_second_execution (test_studio_assessments.StudioAssessmentTests.test_idempotent_review_returns_same_job_without_second_execution) ... ok
test_import_sanitized_before_retention (test_studio_assessments.StudioAssessmentTests.test_import_sanitized_before_retention) ... ok
test_invalid_control_never_confirmed (test_studio_assessments.StudioAssessmentTests.test_invalid_control_never_confirmed) ... ok
test_planning_offline_and_shared_service_execution (test_studio_assessments.StudioAssessmentTests.test_planning_offline_and_shared_service_execution) ... ok
test_public_query_mapping_keeps_original_import_immutable (test_studio_assessments.StudioAssessmentTests.test_public_query_mapping_keeps_original_import_immutable) ... ok
test_recovery_is_read_only_and_review_expires (test_studio_assessments.StudioAssessmentTests.test_recovery_is_read_only_and_review_expires) ... ok
test_reports_freeze_and_local_key_proof (test_studio_assessments.StudioAssessmentTests.test_reports_freeze_and_local_key_proof) ... ok
test_session_capability_not_persisted_in_browser_storage (test_studio_assessments.StudioAssessmentTests.test_session_capability_not_persisted_in_browser_storage) ... ok
test_shared_inspector_and_unknown_dependency_full_scope (test_studio_assessments.StudioAssessmentTests.test_shared_inspector_and_unknown_dependency_full_scope) ... ok
test_source_bound_retest_and_finding_fix_status (test_studio_assessments.StudioAssessmentTests.test_source_bound_retest_and_finding_fix_status) ... ok
test_untrusted_browser_cannot_choose_filesystem_or_private_keys (test_studio_assessments.StudioAssessmentTests.test_untrusted_browser_cannot_choose_filesystem_or_private_keys) ... ok
test_concurrent_requests_cannot_reuse_a_review_after_fast_dispatch (test_studio_comparison.StudioComparisonTests.test_concurrent_requests_cannot_reuse_a_review_after_fast_dispatch) ... ok
test_exact_subset_executes_and_omission_is_never_removed_or_resolved (test_studio_comparison.StudioComparisonTests.test_exact_subset_executes_and_omission_is_never_removed_or_resolved) ... ok
test_invalid_control_preserves_inconclusive_subset (test_studio_comparison.StudioComparisonTests.test_invalid_control_preserves_inconclusive_subset) ... ok
test_new_routes_keep_session_capability_guard (test_studio_comparison.StudioComparisonTests.test_new_routes_keep_session_capability_guard) ... ok
test_offline_compare_verify_export_and_tamper_rejection (test_studio_comparison.StudioComparisonTests.test_offline_compare_verify_export_and_tamper_rejection) ... ok
test_preview_adds_controls_offline_and_exposes_source_anchors (test_studio_comparison.StudioComparisonTests.test_preview_adds_controls_offline_and_exposes_source_anchors) ... ok
test_retest_previews_refuse_unknown_sources_and_unsupported_selection (test_studio_comparison.StudioComparisonTests.test_retest_previews_refuse_unknown_sources_and_unsupported_selection) ... ok
test_review_binds_baseline_selection_contract_policy_and_route (test_studio_comparison.StudioComparisonTests.test_review_binds_baseline_selection_contract_policy_and_route) ... ok
test_selective_proof_binds_comparison_and_readable_export (test_studio_comparison.StudioComparisonTests.test_selective_proof_binds_comparison_and_readable_export) ... ok
test_assurance_is_finite_and_fresh_each_cycle (test_studio_v1.StudioV1Tests.test_assurance_is_finite_and_fresh_each_cycle) ... ok
test_assurance_stops_on_invalid_control_without_repeating_traffic (test_studio_v1.StudioV1Tests.test_assurance_stops_on_invalid_control_without_repeating_traffic) ... ok
test_cached_graph_proof_and_reasoning_never_requery_policy_engine (test_studio_v1.StudioV1Tests.test_cached_graph_proof_and_reasoning_never_requery_policy_engine) ... ok
test_corrupt_history_is_rejected_before_any_application_traffic (test_studio_v1.StudioV1Tests.test_corrupt_history_is_rejected_before_any_application_traffic) ... ok
test_direct_run_api_cannot_bypass_repeated_session_stop (test_studio_v1.StudioV1Tests.test_direct_run_api_cannot_bypass_repeated_session_stop) ... ok
test_exact_policy_and_assurance_config_are_bound_to_preview (test_studio_v1.StudioV1Tests.test_exact_policy_and_assurance_config_are_bound_to_preview) ... ok
test_graph_diff_and_reasoning_refuse_tampered_or_unconfigured_inputs (test_studio_v1.StudioV1Tests.test_graph_diff_and_reasoning_refuse_tampered_or_unconfigured_inputs) ... ok
test_history_evidence_retest_and_persistent_integer_ids (test_studio_v1.StudioV1Tests.test_history_evidence_retest_and_persistent_integer_ids) ... ok
test_map_layers_are_explicit_offline_and_independent (test_studio_v1.StudioV1Tests.test_map_layers_are_explicit_offline_and_independent) ... ok
test_new_routes_require_capability_and_no_filesystem_input (test_studio_v1.StudioV1Tests.test_new_routes_require_capability_and_no_filesystem_input) ... ok
test_signed_proof_requires_startup_keys_and_preserves_original_policy_graph (test_studio_v1.StudioV1Tests.test_signed_proof_requires_startup_keys_and_preserves_original_policy_graph) ... ok
test_trusted_startup_policy_engine_is_opt_in_and_budgeted (test_studio_v1.StudioV1Tests.test_trusted_startup_policy_engine_is_opt_in_and_budgeted) ... ok
test_cancel_after_completed_cycle_preserves_verifiable_receipt (test_workflow_assurance.WorkflowAssuranceTests.test_cancel_after_completed_cycle_preserves_verifiable_receipt) ... ok
test_corrupt_legacy_history_schema_blocks_all_workflow_requests (test_workflow_assurance.WorkflowAssuranceTests.test_corrupt_legacy_history_schema_blocks_all_workflow_requests) ... ok
test_corrupt_workflow_history_blocks_next_requests (test_workflow_assurance.WorkflowAssuranceTests.test_corrupt_workflow_history_blocks_next_requests) ... ok
test_corruption_between_cycles_stops_before_next_network_request (test_workflow_assurance.WorkflowAssuranceTests.test_corruption_between_cycles_stops_before_next_network_request) ... ok
test_explicit_cancel_before_cycle_sends_no_requests (test_workflow_assurance.WorkflowAssuranceTests.test_explicit_cancel_before_cycle_sends_no_requests) ... ok
test_failed_cleanup_stops_and_retains_inconclusive_original_trace (test_workflow_assurance.WorkflowAssuranceTests.test_failed_cleanup_stops_and_retains_inconclusive_original_trace) ... ok
test_plan_is_offline_and_mutation_of_trace_status_does_not_verify (test_workflow_assurance.WorkflowAssuranceTests.test_plan_is_offline_and_mutation_of_trace_status_does_not_verify) ... ok
test_rehashed_cycle_cannot_replace_prior_shared_budget_records (test_workflow_assurance.WorkflowAssuranceTests.test_rehashed_cycle_cannot_replace_prior_shared_budget_records) ... ok
test_removed_workflow_table_is_not_mistaken_for_new_history (test_workflow_assurance.WorkflowAssuranceTests.test_removed_workflow_table_is_not_mistaken_for_new_history) ... ok
test_retained_fixture_registry_survives_new_job_and_rule_rename (test_workflow_assurance.WorkflowAssuranceTests.test_retained_fixture_registry_survives_new_job_and_rule_rename) ... ok
test_reused_fixture_is_stopped_before_second_cycle_action (test_workflow_assurance.WorkflowAssuranceTests.test_reused_fixture_is_stopped_before_second_cycle_action) ... ok
test_stale_history_is_rejected_before_traffic_even_when_chain_is_valid (test_workflow_assurance.WorkflowAssuranceTests.test_stale_history_is_rejected_before_traffic_even_when_chain_is_valid) ... ok
test_total_budget_stops_further_cycles_including_cleanup (test_workflow_assurance.WorkflowAssuranceTests.test_total_budget_stops_further_cycles_including_cleanup) ... ok
test_two_safe_cycles_share_budget_fresh_fixture_and_durable_traces (test_workflow_assurance.WorkflowAssuranceTests.test_two_safe_cycles_share_budget_fresh_fixture_and_durable_traces) ... ok
test_violation_stops_before_next_cycle (test_workflow_assurance.WorkflowAssuranceTests.test_violation_stops_before_next_cycle) ... ok
test_cleanup_failure_stops_following_variants (test_workflows.WorkflowTests.test_cleanup_failure_stops_following_variants) ... ok
test_duplicate_binding_and_traversal_never_dispatch_mutation (test_workflows.WorkflowTests.test_duplicate_binding_and_traversal_never_dispatch_mutation) ... ok
test_eight_variants_twelve_steps_have_exact_shared_upper_bound (test_workflows.WorkflowTests.test_eight_variants_twelve_steps_have_exact_shared_upper_bound) ... ok
test_forged_state_and_effect_claims_contradict_retained_report_checks (test_workflows.WorkflowTests.test_forged_state_and_effect_claims_contradict_retained_report_checks) ... ok
test_forged_verification_level_cleanup_and_binding_source_rejected (test_workflows.WorkflowTests.test_forged_verification_level_cleanup_and_binding_source_rejected) ... ok
test_insufficient_postprobe_budget_prevents_setup (test_workflows.WorkflowTests.test_insufficient_postprobe_budget_prevents_setup) ... ok
test_invalid_controls_do_not_start_mutation (test_workflows.WorkflowTests.test_invalid_controls_do_not_start_mutation) ... ok
test_missing_null_and_wrong_type_binding_never_dispatch_dependent_steps (test_workflows.WorkflowTests.test_missing_null_and_wrong_type_binding_never_dispatch_dependent_steps) ... ok
test_original_is_not_modified (test_workflows.WorkflowTests.test_original_is_not_modified) ... ok
test_reflected_credentials_raw_and_encoded_never_enter_binding_or_registry (test_workflows.WorkflowTests.test_reflected_credentials_raw_and_encoded_never_enter_binding_or_registry) ... ok
test_resolved_credential_literal_in_plan_rejected_before_any_request (test_workflows.WorkflowTests.test_resolved_credential_literal_in_plan_rejected_before_any_request) ... ok
test_reused_fixture_cannot_confirm_second_variant (test_workflows.WorkflowTests.test_reused_fixture_cannot_confirm_second_variant) ... ok
test_review_bound_and_upper_limits (test_workflows.WorkflowTests.test_review_bound_and_upper_limits) ... ok
test_safe_and_vulnerable_are_independently_observed (test_workflows.WorkflowTests.test_safe_and_vulnerable_are_independently_observed) ... ok
test_semantic_controls_cannot_be_upgraded_by_rehashing (test_workflows.WorkflowTests.test_semantic_controls_cannot_be_upgraded_by_rehashing) ... ok
test_shared_fixture_registry_blocks_reuse_across_execution_cycles (test_workflows.WorkflowTests.test_shared_fixture_registry_blocks_reuse_across_execution_cycles) ... ok
test_stop_after_mutation_preserves_cleanup_and_inconclusive (test_workflows.WorkflowTests.test_stop_after_mutation_preserves_cleanup_and_inconclusive) ... ok
test_trace_roundtrip_and_unknown_fields_fail_closed (test_workflows.WorkflowTests.test_trace_roundtrip_and_unknown_fields_fail_closed) ... ok
test_two_successes_need_second_effect (test_workflows.WorkflowTests.test_two_successes_need_second_effect) ... ok

----------------------------------------------------------------------
Ran 494 tests in 82.906s

OK
Compiled 24 explicit checks. No requests sent.
0 affected relationships; proposed policy migration, not a remediation result.

BEFORE · vulnerable local fixture
AuthzLedger 1.1.0.dev0 | 6 configured checks
PASS 4  FAIL 2  ERROR 0  INCONCLUSIVE 0
  PASS         owner-own-invoice
  PASS         peer-own-invoice
  FAIL         peer-cannot-read-owner
  PASS         anonymous-cannot-read
  PASS         admin-can-read-audit
  FAIL         owner-cannot-read-audit
Evidence anchor: 7d7b97b5c13c62e0c1b46c356922b3cd34950250eab9393a90125c09eb093895

AFTER · fixed local fixture
AuthzLedger 1.1.0.dev0 | 6 configured checks
PASS 6  FAIL 0  ERROR 0  INCONCLUSIVE 0
  PASS         owner-own-invoice
  PASS         peer-own-invoice
  PASS         peer-cannot-read-owner
  PASS         anonymous-cannot-read
  PASS         admin-can-read-audit
  PASS         owner-cannot-read-audit
Evidence anchor: dc33289d897e7d8dba97f3ea6c7db551f8abb90e4b7b18fb878498bb73f7ed3e

Demo verified: 2 resolved; synthetic loopback fixture only.
Reports: /tmp/authzledger-demo-ydthrnwr
